2026-08-31T21:16:59Z INF Thank you for trying Cloudflare Tunnel. Doing so, without a Cloudflare account, is a quick way to experiment and try it out. However, be aware that these account-less Tunnels have no uptime guarantee, are subject to the Cloudflare Online Services Terms of Use (https://www.cloudflare.com/website-terms/), and Cloudflare reserves the right to investigate your use of Tunnels for violations of such terms. If you intend to use Tunnels in production you should use a pre-created named tunnel by following: https://developers.cloudflare.com/cloudflare-one/connections/connect-apps
2026-08-31T21:16:59Z INF Requesting new quick Tunnel on trycloudflare.com...
2026-08-31T21:17:08Z INF +--------------------------------------------------------------------------------------------+
2026-08-31T21:17:08Z INF |  Your quick Tunnel has been created! Visit it at (it may take some time to be reachable):  |
2026-08-31T21:17:08Z INF |  https://grades-formatting-walks-setup.trycloudflare.com                                   |
2026-08-31T21:17:08Z INF +--------------------------------------------------------------------------------------------+
2026-08-31T21:17:08Z INF Cannot determine default configuration path. No file [config.yml config.yaml] in [~/.cloudflared ~/.cloudflare-warp ~/cloudflare-warp]
2026-08-31T21:17:08Z INF Version 2026.8.3 (Checksum 83e726ed18ea78c5ad5213c4c3a3a27051393950d2bc8ed4de69bec12d14eaae)
2026-08-31T21:17:08Z INF GOOS: windows, GOVersion: go1.26.4, GoArch: amd64
2026-08-31T21:17:08Z INF Settings: map[ha-connections:1 protocol:quic url:http://localhost:5000]
2026-08-31T21:17:08Z INF cloudflared will not automatically update on Windows systems.
2026-08-31T21:17:08Z INF Generated Connector ID: 99dee6d2-7050-43c2-b1bf-e61dc3912bc0
2026-08-31T21:17:08Z INF Initial protocol quic
2026-08-31T21:17:08Z INF ICMP proxy will use 192.168.0.103 as source for IPv4
2026-08-31T21:17:08Z INF ICMP proxy will use fe80::39f9:adbe:7b2a:5733 in zone Wi-Fi as source for IPv6
2026-08-31T21:17:09Z INF cloudflared does not support loading the system root certificate pool on Windows. Please use --origin-ca-pool <PATH> to specify the path to the certificate pool
2026-08-31T21:17:09Z INF ICMP proxy will use 192.168.0.103 as source for IPv4
2026-08-31T21:17:09Z INF Tunnel connection curve preferences: [X25519MLKEM768 CurveID(65074) CurveP256] connIndex=0 event=0 ip=198.41.200.233
2026-08-31T21:17:09Z INF ICMP proxy will use fe80::39f9:adbe:7b2a:5733 in zone Wi-Fi as source for IPv6
2026-08-31T21:17:09Z INF Starting metrics server on 127.0.0.1:20241/metrics
2026-08-31T21:17:11Z INF Registered tunnel connection connIndex=0 connection=c2ed3d35-ec9f-4e6c-b985-c5c0068b838d event=0 ip=198.41.200.233 location=sin15 protocol=quic
2026-08-31T21:17:17Z INF +----------------------------------------------------------------------------------------------------+
2026-08-31T21:17:17Z INF |                                      CONNECTIVITY PRE-CHECKS                                       |
2026-08-31T21:17:17Z INF +----------------------------------------------------------------------------------------------------+
2026-08-31T21:17:17Z INF |  COMPONENT         TARGET                     STATUS  DETAILS                                      |
2026-08-31T21:17:17Z INF |  DNS Resolution    region1.v2.argotunnel.com  PASS    DNS Resolved successfully                    |
2026-08-31T21:17:17Z INF |  DNS Resolution    region2.v2.argotunnel.com  PASS    DNS Resolved successfully                    |
2026-08-31T21:17:17Z INF |  UDP Connectivity  region1.v2.argotunnel.com  PASS    QUIC connection successful                   |
2026-08-31T21:17:17Z INF |  UDP Connectivity  region2.v2.argotunnel.com  PASS    QUIC connection successful                   |
2026-08-31T21:17:17Z INF |  TCP Connectivity  region1.v2.argotunnel.com  FAIL    HTTP/2 connection is blocked or unreachable  |
2026-08-31T21:17:17Z INF |  TCP Connectivity  region2.v2.argotunnel.com  FAIL    HTTP/2 connection is blocked or unreachable  |
2026-08-31T21:17:17Z INF |  Cloudflare API    api.cloudflare.com:443     PASS    API is reachable                             |
2026-08-31T21:17:17Z INF |  WARNING: Allow outbound TCP on port 7844.                                                         |
2026-08-31T21:17:17Z INF |  WARNING: Allow outbound TCP on port 7844.                                                         |
2026-08-31T21:17:17Z INF |                                                                                                    |
2026-08-31T21:17:17Z INF |  SUMMARY: Environment ready with degraded transport. cloudflared will proceed using 'quic'.        |
2026-08-31T21:17:17Z INF +----------------------------------------------------------------------------------------------------+
2026-08-31T21:17:17Z INF precheck component="DNS Resolution" details="DNS Resolved successfully" run_id=b7f46953-fd40-4d8c-a850-089e0133797e status=pass target=region1.v2.argotunnel.com
2026-08-31T21:17:17Z INF precheck component="DNS Resolution" details="DNS Resolved successfully" run_id=b7f46953-fd40-4d8c-a850-089e0133797e status=pass target=region2.v2.argotunnel.com
2026-08-31T21:17:17Z INF precheck component="UDP Connectivity" details="QUIC connection successful" run_id=b7f46953-fd40-4d8c-a850-089e0133797e status=pass target=region1.v2.argotunnel.com
2026-08-31T21:17:17Z INF precheck component="UDP Connectivity" details="QUIC connection successful" run_id=b7f46953-fd40-4d8c-a850-089e0133797e status=pass target=region2.v2.argotunnel.com
2026-08-31T21:17:17Z INF precheck component="TCP Connectivity" details="HTTP/2 connection is blocked or unreachable" run_id=b7f46953-fd40-4d8c-a850-089e0133797e status=fail target=region1.v2.argotunnel.com
2026-08-31T21:17:17Z INF precheck component="TCP Connectivity" details="HTTP/2 connection is blocked or unreachable" run_id=b7f46953-fd40-4d8c-a850-089e0133797e status=fail target=region2.v2.argotunnel.com
2026-08-31T21:17:17Z INF precheck component="Cloudflare API" details="API is reachable" run_id=b7f46953-fd40-4d8c-a850-089e0133797e status=pass target=api.cloudflare.com:443
2026-08-31T21:17:17Z INF precheck complete hard_fail=false run_id=b7f46953-fd40-4d8c-a850-089e0133797e suggested_protocol=quic
2026-08-31T21:17:29Z ERR  error="Unable to reach the origin service. The service may be down or it may not be responding to traffic from cloudflared: dial tcp [::1]:5000: connectex: No connection could be made because the target machine actively refused it." connIndex=0 event=1 ingressRule=0 originService=http://localhost:5000
2026-08-31T21:17:29Z ERR Request failed error="Unable to reach the origin service. The service may be down or it may not be responding to traffic from cloudflared: dial tcp [::1]:5000: connectex: No connection could be made because the target machine actively refused it." connIndex=0 dest=https://grades-formatting-walks-setup.trycloudflare.com/api/health event=0 ip=198.41.200.233 type=http
2026-08-31T21:17:30Z ERR  error="Unable to reach the origin service. The service may be down or it may not be responding to traffic from cloudflared: dial tcp [::1]:5000: connectex: No connection could be made because the target machine actively refused it." connIndex=0 event=1 ingressRule=0 originService=http://localhost:5000
2026-08-31T21:17:30Z ERR Request failed error="Unable to reach the origin service. The service may be down or it may not be responding to traffic from cloudflared: dial tcp [::1]:5000: connectex: No connection could be made because the target machine actively refused it." connIndex=0 dest=https://grades-formatting-walks-setup.trycloudflare.com/api/health event=0 ip=198.41.200.233 type=http
2026-08-31T21:17:44Z ERR  error="Unable to reach the origin service. The service may be down or it may not be responding to traffic from cloudflared: dial tcp [::1]:5000: connectex: No connection could be made because the target machine actively refused it." connIndex=0 event=1 ingressRule=0 originService=http://localhost:5000
2026-08-31T21:17:44Z ERR Request failed error="Unable to reach the origin service. The service may be down or it may not be responding to traffic from cloudflared: dial tcp [::1]:5000: connectex: No connection could be made because the target machine actively refused it." connIndex=0 dest=https://grades-formatting-walks-setup.trycloudflare.com/api/health event=0 ip=198.41.200.233 type=http
