2026-08-31T21:18:50Z INF Thank you for trying Cloudflare Tunnel. Doing so, without a Cloudflare account, is a quick way to experiment and try it out. However, be aware that these account-less Tunnels have no uptime guarantee, are subject to the Cloudflare Online Services Terms of Use (https://www.cloudflare.com/website-terms/), and Cloudflare reserves the right to investigate your use of Tunnels for violations of such terms. If you intend to use Tunnels in production you should use a pre-created named tunnel by following: https://developers.cloudflare.com/cloudflare-one/connections/connect-apps
2026-08-31T21:18:50Z INF Requesting new quick Tunnel on trycloudflare.com...
2026-08-31T21:18:56Z INF +--------------------------------------------------------------------------------------------+
2026-08-31T21:18:56Z INF |  Your quick Tunnel has been created! Visit it at (it may take some time to be reachable):  |
2026-08-31T21:18:56Z INF |  https://fairy-series-luggage-accepts.trycloudflare.com                                    |
2026-08-31T21:18:56Z INF +--------------------------------------------------------------------------------------------+
2026-08-31T21:18:56Z INF Cannot determine default configuration path. No file [config.yml config.yaml] in [~/.cloudflared ~/.cloudflare-warp ~/cloudflare-warp]
2026-08-31T21:18:56Z INF Version 2026.8.3 (Checksum 83e726ed18ea78c5ad5213c4c3a3a27051393950d2bc8ed4de69bec12d14eaae)
2026-08-31T21:18:56Z INF GOOS: windows, GOVersion: go1.26.4, GoArch: amd64
2026-08-31T21:18:56Z INF Settings: map[ha-connections:1 protocol:quic url:http://127.0.0.1:5000]
2026-08-31T21:18:56Z INF cloudflared will not automatically update on Windows systems.
2026-08-31T21:18:56Z INF Generated Connector ID: e8f4c674-d474-4d5e-88a1-b5db1331f2e8
2026-08-31T21:18:56Z INF Initial protocol quic
2026-08-31T21:18:56Z INF ICMP proxy will use 192.168.0.103 as source for IPv4
2026-08-31T21:18:56Z INF ICMP proxy will use fe80::39f9:adbe:7b2a:5733 in zone Wi-Fi as source for IPv6
2026-08-31T21:18:56Z INF cloudflared does not support loading the system root certificate pool on Windows. Please use --origin-ca-pool <PATH> to specify the path to the certificate pool
2026-08-31T21:18:56Z INF ICMP proxy will use 192.168.0.103 as source for IPv4
2026-08-31T21:18:56Z INF Tunnel connection curve preferences: [X25519MLKEM768 CurveID(65074) CurveP256] connIndex=0 event=0 ip=198.41.200.13
2026-08-31T21:18:56Z INF ICMP proxy will use fe80::39f9:adbe:7b2a:5733 in zone Wi-Fi as source for IPv6
2026-08-31T21:18:56Z INF Starting metrics server on 127.0.0.1:20241/metrics
2026-08-31T21:18:56Z INF Registered tunnel connection connIndex=0 connection=6722da47-0e31-4b4b-8b4b-2c0cf53ae620 event=0 ip=198.41.200.13 location=sin15 protocol=quic
2026-08-31T21:19:02Z INF +----------------------------------------------------------------------------------------------------+
2026-08-31T21:19:02Z INF |                                      CONNECTIVITY PRE-CHECKS                                       |
2026-08-31T21:19:02Z INF +----------------------------------------------------------------------------------------------------+
2026-08-31T21:19:02Z INF |  COMPONENT         TARGET                     STATUS  DETAILS                                      |
2026-08-31T21:19:02Z INF |  DNS Resolution    region1.v2.argotunnel.com  PASS    DNS Resolved successfully                    |
2026-08-31T21:19:02Z INF |  DNS Resolution    region2.v2.argotunnel.com  PASS    DNS Resolved successfully                    |
2026-08-31T21:19:02Z INF |  UDP Connectivity  region1.v2.argotunnel.com  PASS    QUIC connection successful                   |
2026-08-31T21:19:02Z INF |  UDP Connectivity  region2.v2.argotunnel.com  PASS    QUIC connection successful                   |
2026-08-31T21:19:02Z INF |  TCP Connectivity  region1.v2.argotunnel.com  FAIL    HTTP/2 connection is blocked or unreachable  |
2026-08-31T21:19:02Z INF |  TCP Connectivity  region2.v2.argotunnel.com  FAIL    HTTP/2 connection is blocked or unreachable  |
2026-08-31T21:19:02Z INF |  Cloudflare API    api.cloudflare.com:443     PASS    API is reachable                             |
2026-08-31T21:19:02Z INF |  WARNING: Allow outbound TCP on port 7844.                                                         |
2026-08-31T21:19:02Z INF |  WARNING: Allow outbound TCP on port 7844.                                                         |
2026-08-31T21:19:02Z INF |                                                                                                    |
2026-08-31T21:19:02Z INF |  SUMMARY: Environment ready with degraded transport. cloudflared will proceed using 'quic'.        |
2026-08-31T21:19:02Z INF +----------------------------------------------------------------------------------------------------+
2026-08-31T21:19:02Z INF precheck component="DNS Resolution" details="DNS Resolved successfully" run_id=a841d297-0c89-41a7-bfd4-f49ccf63f3ee status=pass target=region1.v2.argotunnel.com
2026-08-31T21:19:02Z INF precheck component="DNS Resolution" details="DNS Resolved successfully" run_id=a841d297-0c89-41a7-bfd4-f49ccf63f3ee status=pass target=region2.v2.argotunnel.com
2026-08-31T21:19:02Z INF precheck component="UDP Connectivity" details="QUIC connection successful" run_id=a841d297-0c89-41a7-bfd4-f49ccf63f3ee status=pass target=region1.v2.argotunnel.com
2026-08-31T21:19:02Z INF precheck component="UDP Connectivity" details="QUIC connection successful" run_id=a841d297-0c89-41a7-bfd4-f49ccf63f3ee status=pass target=region2.v2.argotunnel.com
2026-08-31T21:19:02Z INF precheck component="TCP Connectivity" details="HTTP/2 connection is blocked or unreachable" run_id=a841d297-0c89-41a7-bfd4-f49ccf63f3ee status=fail target=region1.v2.argotunnel.com
2026-08-31T21:19:02Z INF precheck component="TCP Connectivity" details="HTTP/2 connection is blocked or unreachable" run_id=a841d297-0c89-41a7-bfd4-f49ccf63f3ee status=fail target=region2.v2.argotunnel.com
2026-08-31T21:19:02Z INF precheck component="Cloudflare API" details="API is reachable" run_id=a841d297-0c89-41a7-bfd4-f49ccf63f3ee status=pass target=api.cloudflare.com:443
2026-08-31T21:19:02Z INF precheck complete hard_fail=false run_id=a841d297-0c89-41a7-bfd4-f49ccf63f3ee suggested_protocol=quic
